start=2026-09-24T22:58:10Z sha=8f90ffbd0be535fdf23a9254988a1ae3a5205e44 seed=20260924 mode=fuzz filter=H-01|M-02

 RUN  v4.1.11 <repo>

stdout | evidence/stage2-rerun-345a82d/harness/agent-api-fuzz.harness.ts
[fc-seed] 20260924

 ↓ evidence/stage2-rerun-345a82d/harness/agent-api-fuzz.harness.ts > A: prepare, whatever it is sent > A1: any body, key or header is answered without a 500 and without a send
 ↓ evidence/stage2-rerun-345a82d/harness/agent-api-fuzz.harness.ts > A: prepare, whatever it is sent > A2: a well-formed swap is built bound to exactly its message, unsigned, fee within the cap, and nothing is sent
stdout | evidence/stage2-rerun-345a82d/harness/agent-api-fuzz.harness.ts > A: prepare, whatever it is sent > H-01: whatever route a market offers, a 200 leaves nothing under E; a cashback account is refused, never built
[coverage H-01] {"200":240,"422:no-route":482,"200+rent":278}

 ✓ evidence/stage2-rerun-345a82d/harness/agent-api-fuzz.harness.ts > A: prepare, whatever it is sent > H-01: whatever route a market offers, a 200 leaves nothing under E; a cashback account is refused, never built 36137ms
stdout | evidence/stage2-rerun-345a82d/harness/agent-api-fuzz.harness.ts > E: the skill, one worker, one swap, the chain first > M-02: whatever call never answers, a swap ends in time, sends at most one transaction, and never throws after one went out
[coverage M-02] {"confirmed":222,"unknown":407,"threw":371}

 ↓ evidence/stage2-rerun-345a82d/harness/agent-api-fuzz.harness.ts > B: finalize, with anything changed > sends nothing for a changed ticket, message, signature or key; anything ever sent is the exact message, signed by W and E
 ↓ evidence/stage2-rerun-345a82d/harness/agent-api-fuzz.harness.ts > C: finalize, repeated, whatever the network does > one transaction per ticket; nothing sent once landed, while paused, or when the chain cannot be read; every refusal names it
 ↓ evidence/stage2-rerun-345a82d/harness/agent-api-fuzz.harness.ts > D: server secrets, rotated > a ticket opens with any listed secret that sealed it, and with no other
 ↓ evidence/stage2-rerun-345a82d/harness/agent-api-fuzz.harness.ts > E: the skill, one worker, one swap, the chain first > M-01: at most one worker holds a wallet's lock; a worker taken over never frees its successor's
 ↓ evidence/stage2-rerun-345a82d/harness/agent-api-fuzz.harness.ts > E: the skill, one worker, one swap, the chain first > H-02: swaps from one wallet started together send at most one transaction, and none while one is pending
 ✓ evidence/stage2-rerun-345a82d/harness/agent-api-fuzz.harness.ts > E: the skill, one worker, one swap, the chain first > M-02: whatever call never answers, a swap ends in time, sends at most one transaction, and never throws after one went out 131282ms
 ↓ evidence/stage2-rerun-345a82d/harness/agent-api-fuzz.harness.ts > E: the skill, one worker, one swap, the chain first > M-03: whatever bookkeeping fails, a swap that went out is answered with its signature and outcome, never as not sent
 ↓ evidence/stage2-rerun-345a82d/harness/agent-api-fuzz.harness.ts > E: the skill, one worker, one swap, the chain first > M-03 (bound-verify): whatever bookkeeping fails, finalize of a swap that went out reports it, never sent: false
 ↓ evidence/stage2-rerun-345a82d/harness/agent-api-fuzz.harness.ts > E: the skill, one worker, one swap, the chain first > E5 (bound-verify): every command answers with a result a bot can read, whatever the store does
 ↓ evidence/stage2-rerun-345a82d/harness/agent-api-fuzz.harness.ts > F: file-system faults, the same on every commit > M-03 (bound-verify): the disk refusing to remove the record after the swap confirmed is never "not sent"
 ↓ evidence/stage2-rerun-345a82d/harness/agent-api-fuzz.harness.ts > F: file-system faults, the same on every commit > E5 (bound-verify): prepare and recover answer with a result, not an exception, when the state directory cannot be read

 Test Files  1 passed (1)
      Tests  2 passed | 12 skipped (14)
   Start at  22:58:11
   Duration  168.32s (transform 573ms, setup 52ms, import 707ms, tests 167.42s, environment 0ms)

exit=0 end=2026-09-24T23:00:59Z
