start=2026-09-24T22:51:50Z sha=8f90ffbd0be535fdf23a9254988a1ae3a5205e44 main=0c5565da5b4b800270f9f0f5d64f995363dff173 seed=20260924 mode=fuzz

 RUN  v4.1.11 <repo>

stdout | evidence/stage2-rerun-345a82d/harness/agent-api-fuzz.harness.ts
[fc-seed] 20260924

stdout | evidence/stage2-rerun-345a82d/harness/agent-api-fuzz.harness.ts > A: prepare, whatever it is sent > A1: any body, key or header is answered without a 500 and without a send
[coverage A] statuses {"400":638,"401":229,"426":133}

 ✓ evidence/stage2-rerun-345a82d/harness/agent-api-fuzz.harness.ts > A: prepare, whatever it is sent > A1: any body, key or header is answered without a 500 and without a send 428ms
stdout | evidence/stage2-rerun-345a82d/harness/agent-api-fuzz.harness.ts > A: prepare, whatever it is sent > A2: a well-formed swap is built bound to exactly its message, unsigned, fee within the cap, and nothing is sent
[coverage A2] {"200":1000}

 ✓ evidence/stage2-rerun-345a82d/harness/agent-api-fuzz.harness.ts > A: prepare, whatever it is sent > A2: a well-formed swap is built bound to exactly its message, unsigned, fee within the cap, and nothing is sent 24336ms
stdout | evidence/stage2-rerun-345a82d/harness/agent-api-fuzz.harness.ts > B: finalize, with anything changed > sends nothing for a changed ticket, message, signature or key; anything ever sent is the exact message, signed by W and E
[coverage B] {"ticket-other:400":383,"wallet-signature:400":422,"wire:400":394,"message:400":395,"other-key:400":377,"ticket-char:400":388,"no-wallet-signature:400":418,"junk:400":427,"ticket-field:400":390,"ticket-cut:400":406}

 ✓ evidence/stage2-rerun-345a82d/harness/agent-api-fuzz.harness.ts > B: finalize, with anything changed > sends nothing for a changed ticket, message, signature or key; anything ever sent is the exact message, signed by W and E 4565ms
stdout | evidence/stage2-rerun-345a82d/harness/agent-api-fuzz.harness.ts > C: finalize, repeated, whatever the network does > one transaction per ticket; nothing sent once landed, while paused, or when the chain cannot be read; every refusal names it
[coverage C] {"steps":3412,"sends":772,"landedBefore":663,"statuses":{"200":2094,"503":1318}}

 ✓ evidence/stage2-rerun-345a82d/harness/agent-api-fuzz.harness.ts > C: finalize, repeated, whatever the network does > one transaction per ticket; nothing sent once landed, while paused, or when the chain cannot be read; every refusal names it 31364ms
 ✓ evidence/stage2-rerun-345a82d/harness/agent-api-fuzz.harness.ts > D: server secrets, rotated > a ticket opens with any listed secret that sealed it, and with no other 13509ms
 ✓ evidence/stage2-rerun-345a82d/harness/agent-api-fuzz.harness.ts > E: the skill, one worker, one swap, the chain first > M-01: at most one worker holds a wallet's lock; a worker taken over never frees its successor's 6259ms
stdout | evidence/stage2-rerun-345a82d/harness/agent-api-fuzz.harness.ts > E: the skill, one worker, one swap, the chain first > H-02: swaps from one wallet started together send at most one transaction, and none while one is pending
[coverage H-02] {"[\"unknown\",\"PendingSwapError\",\"PendingSwapError\"]":62,"[\"PendingSwapError\",\"PendingSwapError\",\"unknown\"]":58,"[\"PendingSwapError\",\"PendingSwapError\",\"unknown\",\"PendingSwapError\"]":36,"[\"PendingSwapError\",\"unknown\"]":76,"[\"unknown\",\"PendingSwapError\",\"PendingSwapError\",\"PendingSwapError\"]":46,"[\"unknown\",\"PendingSwapError\"]":68,"[\"PendingSwapError\",\"PendingSwapError\",\"PendingSwapError\",\"unknown\"]":43,"[\"PendingSwapError\",\"unknown\",\"PendingSwapError\"]":70,"[\"PendingSwapError\",\"unknown\",\"PendingSwapError\",\"PendingSwapError\"]":41}

 ✓ evidence/stage2-rerun-345a82d/harness/agent-api-fuzz.harness.ts > E: the skill, one worker, one swap, the chain first > H-02: swaps from one wallet started together send at most one transaction, and none while one is pending 65244ms
stdout | evidence/stage2-rerun-345a82d/harness/agent-api-fuzz.harness.ts > E: the skill, one worker, one swap, the chain first > M-03: whatever bookkeeping fails, a swap that went out is answered with its signature and outcome, never as not sent
[coverage M-03] {"cases":1000,"wentOut":734,"withBookkeepingError":109}

 ✓ evidence/stage2-rerun-345a82d/harness/agent-api-fuzz.harness.ts > E: the skill, one worker, one swap, the chain first > M-03: whatever bookkeeping fails, a swap that went out is answered with its signature and outcome, never as not sent 31515ms
 ✓ evidence/stage2-rerun-345a82d/harness/agent-api-fuzz.harness.ts > E: the skill, one worker, one swap, the chain first > M-03 (bound-verify): whatever bookkeeping fails, finalize of a swap that went out reports it, never sent: false 43522ms
 × evidence/stage2-rerun-345a82d/harness/agent-api-fuzz.harness.ts > E: the skill, one worker, one swap, the chain first > E5 (bound-verify): every command answers with a result a bot can read, whatever the store does 196ms
   → Property failed after 9 tests
{ seed: 20260924, path: "8:1", endOnFailure: true }
Counterexample: [{"put":[],"remove":[],"list":[0],"order":[],"claimOrder":[],"recordOrder":[]},"prepare"]
Shrunk 1 time(s)

Encountered failures were:
- [{__proto__:null,"put":[],"remove":[],"list":[0],"order":[],"claimOrder":[],"recordOrder":[]},"prepare"]
- [{"put":[],"remove":[],"list":[0],"order":[],"claimOrder":[],"recordOrder":[]},"prepare"]
 ✓ evidence/stage2-rerun-345a82d/harness/agent-api-fuzz.harness.ts > F: file-system faults, the same on every commit > M-03 (bound-verify): the disk refusing to remove the record after the swap confirmed is never "not sent" 199ms
 × evidence/stage2-rerun-345a82d/harness/agent-api-fuzz.harness.ts > F: file-system faults, the same on every commit > E5 (bound-verify): prepare and recover answer with a result, not an exception, when the state directory cannot be read 3ms
   → prepare: threw: ENOSPC: no space left on device: expected 'string' to be 'object' // Object.is equality

⎯⎯⎯⎯⎯⎯⎯ Failed Tests 2 ⎯⎯⎯⎯⎯⎯⎯

 FAIL  evidence/stage2-rerun-345a82d/harness/agent-api-fuzz.harness.ts > E: the skill, one worker, one swap, the chain first > E5 (bound-verify): every command answers with a result a bot can read, whatever the store does
Error: Property failed after 9 tests
{ seed: 20260924, path: "8:1", endOnFailure: true }
Counterexample: [{"put":[],"remove":[],"list":[0],"order":[],"claimOrder":[],"recordOrder":[]},"prepare"]
Shrunk 1 time(s)

Encountered failures were:
- [{__proto__:null,"put":[],"remove":[],"list":[0],"order":[],"claimOrder":[],"recordOrder":[]},"prepare"]
- [{"put":[],"remove":[],"list":[0],"order":[],"claimOrder":[],"recordOrder":[]},"prepare"]
 ❯ buildError node_modules/fast-check/lib/fast-check.js:2469:16
 ❯ asyncThrowIfFailed node_modules/fast-check/lib/fast-check.js:2481:8

Caused by: AssertionError: prepare {"put":[],"remove":[],"list":[0],"order":[],"claimOrder":[],"recordOrder":[]}: threw: ENOSPC: list #0 failed: expected 'string' to be 'object' // Object.is equality

Expected: "object"
Received: "string"

 ❯ evidence/stage2-rerun-345a82d/harness/agent-api-fuzz.harness.ts:649:78
 ❯ AsyncProperty.run node_modules/fast-check/lib/fast-check.js:1217:19
 ❯ asyncPropertyExecution node_modules/fast-check/lib/fast-check.js:2564:14
 ❯ asyncRunIt node_modules/fast-check/lib/fast-check.js:2557:15
 ❯ evidence/stage2-rerun-345a82d/harness/agent-api-fuzz.harness.ts:642:5

⎯⎯⎯⎯⎯⎯⎯⎯⎯⎯⎯⎯⎯⎯⎯⎯⎯⎯⎯⎯⎯⎯⎯⎯[1/2]⎯

 FAIL  evidence/stage2-rerun-345a82d/harness/agent-api-fuzz.harness.ts > F: file-system faults, the same on every commit > E5 (bound-verify): prepare and recover answer with a result, not an exception, when the state directory cannot be read
AssertionError: prepare: threw: ENOSPC: no space left on device: expected 'string' to be 'object' // Object.is equality

Expected: "object"
Received: "string"

 ❯ evidence/stage2-rerun-345a82d/harness/agent-api-fuzz.harness.ts:686:52
    685|         intent: { ...intent, ...(withId ? { id: 'order-1' } : {}) }, p…
    686|       }).then(r => r, (e: Error) => e);
    687|       const where = `${JSON.stringify(faults)} id=${withId}: ${result …
       |            ^
    688|       if (a.sent.length === 0) return; // stood down before anything w…
    689|       m03.wentOut++;

⎯⎯⎯⎯⎯⎯⎯⎯⎯⎯⎯⎯⎯⎯⎯⎯⎯⎯⎯⎯⎯⎯⎯⎯[2/2]⎯


 Test Files  1 failed (1)
      Tests  2 failed | 10 passed (12)
   Start at  22:51:51
   Duration  222.08s (transform 604ms, setup 48ms, import 738ms, tests 221.14s, environment 0ms)

JUNIT report written to <scratch>/results/harness-fuzz-HEAD.junit.xml
exit=1 end=2026-09-24T22:55:33Z
