sha=345a82d8590319b967ede3f65bbc8e18b3ae7e44 (product code) + packages/jupiter/test/fakes.ts from 8f90ffb seed=20260924 runs=default(25)

 RUN  v4.1.11 <scratch>/wt-345a82d

stdout | evidence/stage2-rerun-345a82d/harness/agent-api-fuzz.harness.ts
[fc-seed] 20260924

stdout | evidence/stage2-rerun-345a82d/harness/agent-api-fuzz.harness.ts > A: prepare, whatever it is sent > A1: any body, key or header is answered without a 500 and without a send
[coverage A] statuses {"400":13,"401":7,"426":5}

 ✓ evidence/stage2-rerun-345a82d/harness/agent-api-fuzz.harness.ts > A: prepare, whatever it is sent > A1: any body, key or header is answered without a 500 and without a send 42ms
stdout | evidence/stage2-rerun-345a82d/harness/agent-api-fuzz.harness.ts > A: prepare, whatever it is sent > A2: a well-formed swap is built bound to exactly its message, unsigned, fee within the cap, and nothing is sent
[coverage A2] {"200":25}

 ✓ evidence/stage2-rerun-345a82d/harness/agent-api-fuzz.harness.ts > A: prepare, whatever it is sent > A2: a well-formed swap is built bound to exactly its message, unsigned, fee within the cap, and nothing is sent 562ms
stdout | evidence/stage2-rerun-345a82d/harness/agent-api-fuzz.harness.ts > B: finalize, with anything changed > sends nothing for a changed ticket, message, signature or key; anything ever sent is the exact message, signed by W and E
[coverage B] {"ticket-other:400":11,"wallet-signature:400":13,"wire:400":12,"message:400":8,"other-key:400":10,"ticket-char:400":11,"no-wallet-signature:400":11,"junk:400":8,"ticket-field:400":5,"ticket-cut:400":11}

 × evidence/stage2-rerun-345a82d/harness/agent-api-fuzz.harness.ts > A: prepare, whatever it is sent > H-01: whatever route a market offers, a 200 leaves nothing under E; a cashback account is refused, never built 177ms
   → Property failed after 1 tests
{ seed: 20260924, path: "0:0:1:1", endOnFailure: true }
Counterexample: [0,1346200n,1n,10000000n,true]
Shrunk 3 time(s)

Encountered failures were:
- [5,1346200n,7n,10000005n,true]
- [0,1346200n,7n,10000005n,true]
- [0,1346200n,1n,10000005n,true]
- [0,1346200n,1n,10000000n,true]
 ✓ evidence/stage2-rerun-345a82d/harness/agent-api-fuzz.harness.ts > B: finalize, with anything changed > sends nothing for a changed ticket, message, signature or key; anything ever sent is the exact message, signed by W and E 158ms
stdout | evidence/stage2-rerun-345a82d/harness/agent-api-fuzz.harness.ts > C: finalize, repeated, whatever the network does > one transaction per ticket; nothing sent once landed, while paused, or when the chain cannot be read; every refusal names it
[coverage C] {"steps":90,"sends":17,"landedBefore":29,"statuses":{"200":53,"503":37}}

 ✓ evidence/stage2-rerun-345a82d/harness/agent-api-fuzz.harness.ts > C: finalize, repeated, whatever the network does > one transaction per ticket; nothing sent once landed, while paused, or when the chain cannot be read; every refusal names it 666ms
 ✓ evidence/stage2-rerun-345a82d/harness/agent-api-fuzz.harness.ts > D: server secrets, rotated > a ticket opens with any listed secret that sealed it, and with no other 273ms
 × evidence/stage2-rerun-345a82d/harness/agent-api-fuzz.harness.ts > E: the skill, one worker, one swap, the chain first > M-01: at most one worker holds a wallet's lock; a worker taken over never frees its successor's 58ms
   → Property failed after 155 tests
{ seed: 20260924, path: "154:5:7:9:12:18:16:15:15:14", endOnFailure: true }
Counterexample: [[{"op":"acquire","worker":1},{"op":"age","worker":0},{"op":"acquire","worker":0},{"op":"release","worker":1},{"op":"acquire","worker":1}]]
Shrunk 9 time(s)

Encountered failures were:
- [[{__proto__:null,"op":"acquire","worker":1},{__proto__:null,"op":"acquire","worker":2},{"op":"age","worker":2},{"op":"acquire","worker":3},{"op":"release","worker":1},{"op":"age","worker":2},{__proto__:null,"op":"acquire","worker":3},{__proto__:null,"op":"acquire","worker":1},{"op":"acquire","worker":2},{"op":"acquire","worker":3}]]
- [[{"op":"acquire","worker":1},{__proto__:null,"op":"acquire","worker":2},{"op":"age","worker":2},{"op":"acquire","worker":3},{"op":"release","worker":1},{"op":"age","worker":2},{__proto__:null,"op":"acquire","worker":3},{__proto__:null,"op":"acquire","worker":1},{"op":"acquire","worker":2},{"op":"acquire","worker":3}]]
- [[{"op":"acquire","worker":1},{"op":"age","worker":2},{"op":"acquire","worker":3},{"op":"release","worker":1},{"op":"age","worker":2},{__proto__:null,"op":"acquire","worker":3},{__proto__:null,"op":"acquire","worker":1},{"op":"acquire","worker":2},{"op":"acquire","worker":3}]]
- [[{"op":"acquire","worker":1},{"op":"age","worker":0},{"op":"acquire","worker":3},{"op":"release","worker":1},{"op":"age","worker":2},{__proto__:null,"op":"acquire","worker":3},{__proto__:null,"op":"acquire","worker":1},{"op":"acquire","worker":2},{"op":"acquire","worker":3}]]
- [[{"op":"acquire","worker":1},{"op":"age","worker":0},{"op":"acquire","worker":0},{"op":"release","worker":1},{"op":"age","worker":2},{__proto__:null,"op":"acquire","worker":3},{__proto__:null,"op":"acquire","worker":1},{"op":"acquire","worker":2},{"op":"acquire","worker":3}]]
- [[{"op":"acquire","worker":1},{"op":"age","worker":0},{"op":"acquire","worker":0},{"op":"release","worker":1},{__proto__:null,"op":"acquire","worker":1},{"op":"acquire","worker":2},{"op":"acquire","worker":3}]]
- [[{"op":"acquire","worker":1},{"op":"age","worker":0},{"op":"acquire","worker":0},{"op":"release","worker":1},{"op":"acquire","worker":2},{"op":"acquire","worker":3}]]
- [[{"op":"acquire","worker":1},{"op":"age","worker":0},{"op":"acquire","worker":0},{"op":"release","worker":1},{"op":"acquire","worker":3}]]
- [[{"op":"acquire","worker":1},{"op":"age","worker":0},{"op":"acquire","worker":0},{"op":"release","worker":1},{"op":"acquire","worker":2}]]
- [[{"op":"acquire","worker":1},{"op":"age","worker":0},{"op":"acquire","worker":0},{"op":"release","worker":1},{"op":"acquire","worker":1}]]
 × evidence/stage2-rerun-345a82d/harness/agent-api-fuzz.harness.ts > E: the skill, one worker, one swap, the chain first > H-02: swaps from one wallet started together send at most one transaction, and none while one is pending 863ms
   → Property failed after 1 tests
{ seed: 20260924, path: "0:0:0:0:0:0:0:0", endOnFailure: true }
Counterexample: [[{"delayMs":0,"id":undefined},{"delayMs":0,"id":undefined}]]
Shrunk 7 time(s)

Encountered failures were:
- [[{__proto__:null,"delayMs":1,"id":"a"},{__proto__:null,"delayMs":2,"id":"a"},{__proto__:null,"delayMs":3,"id":"b"}]]
- [[{__proto__:null,"delayMs":2,"id":"a"},{__proto__:null,"delayMs":3,"id":"b"}]]
- [[{__proto__:null,"delayMs":0,"id":"a"},{__proto__:null,"delayMs":3,"id":"b"}]]
- [[{__proto__:null,"delayMs":0,"id":undefined},{__proto__:null,"delayMs":3,"id":"b"}]]
- [[{"delayMs":0,"id":undefined},{__proto__:null,"delayMs":3,"id":"b"}]]
- [[{"delayMs":0,"id":undefined},{__proto__:null,"delayMs":0,"id":"b"}]]
- [[{"delayMs":0,"id":undefined},{__proto__:null,"delayMs":0,"id":undefined}]]
- [[{"delayMs":0,"id":undefined},{"delayMs":0,"id":undefined}]]
 × evidence/stage2-rerun-345a82d/harness/agent-api-fuzz.harness.ts > E: the skill, one worker, one swap, the chain first > M-02: whatever call never answers, a swap ends in time, sends at most one transaction, and never throws after one went out 62596ms
   → Property failed after 17 tests
{ seed: 20260924, path: "16:2:1:1", endOnFailure: true }
Counterexample: [["simulateTransaction"],"none",false]
Shrunk 3 time(s)

Encountered failures were:
- [["getMultipleAccounts","simulateTransaction","getSignatureStatuses","sendTransaction","getLatestBlockhash"],"finalize-before",false]
- [["simulateTransaction","getSignatureStatuses","sendTransaction","getLatestBlockhash"],"finalize-before",false]
- [["simulateTransaction"],"finalize-before",false]
- [["simulateTransaction"],"none",false]
stdout | evidence/stage2-rerun-345a82d/harness/agent-api-fuzz.harness.ts > E: the skill, one worker, one swap, the chain first > M-03: whatever bookkeeping fails, a swap that went out is answered with its signature and outcome, never as not sent
[coverage M-03] {"cases":25,"wentOut":24,"withBookkeepingError":0}

 ✓ evidence/stage2-rerun-345a82d/harness/agent-api-fuzz.harness.ts > E: the skill, one worker, one swap, the chain first > M-03: whatever bookkeeping fails, a swap that went out is answered with its signature and outcome, never as not sent 986ms
 ✓ evidence/stage2-rerun-345a82d/harness/agent-api-fuzz.harness.ts > E: the skill, one worker, one swap, the chain first > M-03 (bound-verify): whatever bookkeeping fails, finalize of a swap that went out reports it, never sent: false 1118ms
 ✓ evidence/stage2-rerun-345a82d/harness/agent-api-fuzz.harness.ts > E: the skill, one worker, one swap, the chain first > E5 (bound-verify): every command answers with a result a bot can read, whatever the store does 384ms
 × evidence/stage2-rerun-345a82d/harness/agent-api-fuzz.harness.ts > F: file-system faults, the same on every commit > M-03 (bound-verify): the disk refusing to remove the record after the swap confirmed is never "not sent" 110ms
   → Property failed after 1 tests
{ seed: 20260924, path: "0:0", endOnFailure: true }
Counterexample: [false]
Shrunk 1 time(s)

Encountered failures were:
- [true]
- [false]
 × evidence/stage2-rerun-345a82d/harness/agent-api-fuzz.harness.ts > F: file-system faults, the same on every commit > E5 (bound-verify): prepare and recover answer with a result, not an exception, when the state directory cannot be read 5ms
   → prepare: threw: ENOSPC: no space left on device: expected 'string' to be 'object' // Object.is equality

⎯⎯⎯⎯⎯⎯⎯ Failed Tests 6 ⎯⎯⎯⎯⎯⎯⎯

 FAIL  evidence/stage2-rerun-345a82d/harness/agent-api-fuzz.harness.ts > A: prepare, whatever it is sent > H-01: whatever route a market offers, a 200 leaves nothing under E; a cashback account is refused, never built
Error: Property failed after 1 tests
{ seed: 20260924, path: "0:0:1:1", endOnFailure: true }
Counterexample: [0,1346200n,1n,10000000n,true]
Shrunk 3 time(s)

Encountered failures were:
- [5,1346200n,7n,10000005n,true]
- [0,1346200n,7n,10000005n,true]
- [0,1346200n,1n,10000005n,true]
- [0,1346200n,1n,10000000n,true]
 ❯ buildError node_modules/fast-check/lib/fast-check.js:2469:16
 ❯ asyncThrowIfFailed node_modules/fast-check/lib/fast-check.js:2481:8

Caused by: AssertionError: pad=0 rent=1346200 cashback=1 curve=true: 200 {}: expected false to be true // Object.is equality

- Expected
+ Received

- true
+ false

 ❯ evidence/stage2-rerun-345a82d/harness/agent-api-fuzz.harness.ts:306:65
 ❯ AsyncProperty.run node_modules/fast-check/lib/fast-check.js:1217:19
 ❯ asyncPropertyExecution node_modules/fast-check/lib/fast-check.js:2564:14
 ❯ asyncRunIt node_modules/fast-check/lib/fast-check.js:2557:15
 ❯ evidence/stage2-rerun-345a82d/harness/agent-api-fuzz.harness.ts:281:5

⎯⎯⎯⎯⎯⎯⎯⎯⎯⎯⎯⎯⎯⎯⎯⎯⎯⎯⎯⎯⎯⎯⎯⎯[1/6]⎯

 FAIL  evidence/stage2-rerun-345a82d/harness/agent-api-fuzz.harness.ts > E: the skill, one worker, one swap, the chain first > M-01: at most one worker holds a wallet's lock; a worker taken over never frees its successor's
Error: Property failed after 155 tests
{ seed: 20260924, path: "154:5:7:9:12:18:16:15:15:14", endOnFailure: true }
Counterexample: [[{"op":"acquire","worker":1},{"op":"age","worker":0},{"op":"acquire","worker":0},{"op":"release","worker":1},{"op":"acquire","worker":1}]]
Shrunk 9 time(s)

Encountered failures were:
- [[{__proto__:null,"op":"acquire","worker":1},{__proto__:null,"op":"acquire","worker":2},{"op":"age","worker":2},{"op":"acquire","worker":3},{"op":"release","worker":1},{"op":"age","worker":2},{__proto__:null,"op":"acquire","worker":3},{__proto__:null,"op":"acquire","worker":1},{"op":"acquire","worker":2},{"op":"acquire","worker":3}]]
- [[{"op":"acquire","worker":1},{__proto__:null,"op":"acquire","worker":2},{"op":"age","worker":2},{"op":"acquire","worker":3},{"op":"release","worker":1},{"op":"age","worker":2},{__proto__:null,"op":"acquire","worker":3},{__proto__:null,"op":"acquire","worker":1},{"op":"acquire","worker":2},{"op":"acquire","worker":3}]]
- [[{"op":"acquire","worker":1},{"op":"age","worker":2},{"op":"acquire","worker":3},{"op":"release","worker":1},{"op":"age","worker":2},{__proto__:null,"op":"acquire","worker":3},{__proto__:null,"op":"acquire","worker":1},{"op":"acquire","worker":2},{"op":"acquire","worker":3}]]
- [[{"op":"acquire","worker":1},{"op":"age","worker":0},{"op":"acquire","worker":3},{"op":"release","worker":1},{"op":"age","worker":2},{__proto__:null,"op":"acquire","worker":3},{__proto__:null,"op":"acquire","worker":1},{"op":"acquire","worker":2},{"op":"acquire","worker":3}]]
- [[{"op":"acquire","worker":1},{"op":"age","worker":0},{"op":"acquire","worker":0},{"op":"release","worker":1},{"op":"age","worker":2},{__proto__:null,"op":"acquire","worker":3},{__proto__:null,"op":"acquire","worker":1},{"op":"acquire","worker":2},{"op":"acquire","worker":3}]]
- [[{"op":"acquire","worker":1},{"op":"age","worker":0},{"op":"acquire","worker":0},{"op":"release","worker":1},{__proto__:null,"op":"acquire","worker":1},{"op":"acquire","worker":2},{"op":"acquire","worker":3}]]
- [[{"op":"acquire","worker":1},{"op":"age","worker":0},{"op":"acquire","worker":0},{"op":"release","worker":1},{"op":"acquire","worker":2},{"op":"acquire","worker":3}]]
- [[{"op":"acquire","worker":1},{"op":"age","worker":0},{"op":"acquire","worker":0},{"op":"release","worker":1},{"op":"acquire","worker":3}]]
- [[{"op":"acquire","worker":1},{"op":"age","worker":0},{"op":"acquire","worker":0},{"op":"release","worker":1},{"op":"acquire","worker":2}]]
- [[{"op":"acquire","worker":1},{"op":"age","worker":0},{"op":"acquire","worker":0},{"op":"release","worker":1},{"op":"acquire","worker":1}]]
 ❯ buildError node_modules/fast-check/lib/fast-check.js:2469:16
 ❯ throwIfFailed node_modules/fast-check/lib/fast-check.js:2476:8
 ❯ reportRunDetails node_modules/fast-check/lib/fast-check.js:2492:14
 ❯ Module.assert node_modules/fast-check/lib/fast-check.js:2662:7
 ❯ evidence/stage2-rerun-345a82d/harness/agent-api-fuzz.harness.ts:540:8
    538|   it('M-01: at most one worker holds a wallet\'s lock; a worker taken …
    539|     type Op = { op: 'acquire' | 'release' | 'age'; worker: number };
    540|     fc.assert(fc.property(
       |        ^
    541|       fc.array(fc.record({ op: fc.constantFrom<Op['op']>('acquire', 'a…
    542|       ops => {

Caused by: AssertionError: op 4 acquire(1) holder=0 aged=false: expected true to be false // Object.is equality

- Expected
+ Received

- false
+ true

 ❯ evidence/stage2-rerun-345a82d/harness/agent-api-fuzz.harness.ts:572:32
 ❯ Property.predicate node_modules/fast-check/lib/fast-check.js:1355:99
 ❯ Property.run node_modules/fast-check/lib/fast-check.js:1324:24
 ❯ propertyExecution node_modules/fast-check/lib/fast-check.js:2549:23
 ❯ run node_modules/fast-check/lib/fast-check.js:2639:91
 ❯ runIt node_modules/fast-check/lib/fast-check.js:2542:15
 ❯ check node_modules/fast-check/lib/fast-check.js:2655:14
 ❯ Module.assert node_modules/fast-check/lib/fast-check.js:2660:14
 ❯ evidence/stage2-rerun-345a82d/harness/agent-api-fuzz.harness.ts:540:8

⎯⎯⎯⎯⎯⎯⎯⎯⎯⎯⎯⎯⎯⎯⎯⎯⎯⎯⎯⎯⎯⎯⎯⎯[2/6]⎯

 FAIL  evidence/stage2-rerun-345a82d/harness/agent-api-fuzz.harness.ts > E: the skill, one worker, one swap, the chain first > H-02: swaps from one wallet started together send at most one transaction, and none while one is pending
Error: Property failed after 1 tests
{ seed: 20260924, path: "0:0:0:0:0:0:0:0", endOnFailure: true }
Counterexample: [[{"delayMs":0,"id":undefined},{"delayMs":0,"id":undefined}]]
Shrunk 7 time(s)

Encountered failures were:
- [[{__proto__:null,"delayMs":1,"id":"a"},{__proto__:null,"delayMs":2,"id":"a"},{__proto__:null,"delayMs":3,"id":"b"}]]
- [[{__proto__:null,"delayMs":2,"id":"a"},{__proto__:null,"delayMs":3,"id":"b"}]]
- [[{__proto__:null,"delayMs":0,"id":"a"},{__proto__:null,"delayMs":3,"id":"b"}]]
- [[{__proto__:null,"delayMs":0,"id":undefined},{__proto__:null,"delayMs":3,"id":"b"}]]
- [[{"delayMs":0,"id":undefined},{__proto__:null,"delayMs":3,"id":"b"}]]
- [[{"delayMs":0,"id":undefined},{__proto__:null,"delayMs":0,"id":"b"}]]
- [[{"delayMs":0,"id":undefined},{__proto__:null,"delayMs":0,"id":undefined}]]
- [[{"delayMs":0,"id":undefined},{"delayMs":0,"id":undefined}]]
 ❯ buildError node_modules/fast-check/lib/fast-check.js:2469:16
 ❯ asyncThrowIfFailed node_modules/fast-check/lib/fast-check.js:2481:8

Caused by: AssertionError: ["unknown","unknown"]: expected 2 to be less than or equal to 1
 ❯ evidence/stage2-rerun-345a82d/harness/agent-api-fuzz.harness.ts:600:66
 ❯ AsyncProperty.run node_modules/fast-check/lib/fast-check.js:1217:19
 ❯ asyncPropertyExecution node_modules/fast-check/lib/fast-check.js:2564:14
 ❯ asyncRunIt node_modules/fast-check/lib/fast-check.js:2557:15
 ❯ evidence/stage2-rerun-345a82d/harness/agent-api-fuzz.harness.ts:585:5

⎯⎯⎯⎯⎯⎯⎯⎯⎯⎯⎯⎯⎯⎯⎯⎯⎯⎯⎯⎯⎯⎯⎯⎯[3/6]⎯

 FAIL  evidence/stage2-rerun-345a82d/harness/agent-api-fuzz.harness.ts > E: the skill, one worker, one swap, the chain first > M-02: whatever call never answers, a swap ends in time, sends at most one transaction, and never throws after one went out
Error: Property failed after 17 tests
{ seed: 20260924, path: "16:2:1:1", endOnFailure: true }
Counterexample: [["simulateTransaction"],"none",false]
Shrunk 3 time(s)

Encountered failures were:
- [["getMultipleAccounts","simulateTransaction","getSignatureStatuses","sendTransaction","getLatestBlockhash"],"finalize-before",false]
- [["simulateTransaction","getSignatureStatuses","sendTransaction","getLatestBlockhash"],"finalize-before",false]
- [["simulateTransaction"],"finalize-before",false]
- [["simulateTransaction"],"none",false]
 ❯ buildError node_modules/fast-check/lib/fast-check.js:2469:16
 ❯ asyncThrowIfFailed node_modules/fast-check/lib/fast-check.js:2481:8

Caused by: AssertionError: hung=["simulateTransaction"] bound=none lands=false: hung after 15001 ms: expected 'hung' not to be 'hung' // Object.is equality
 ❯ evidence/stage2-rerun-345a82d/harness/agent-api-fuzz.harness.ts:657:35
 ❯ AsyncProperty.run node_modules/fast-check/lib/fast-check.js:1217:19
 ❯ asyncPropertyExecution node_modules/fast-check/lib/fast-check.js:2564:14
 ❯ asyncRunIt node_modules/fast-check/lib/fast-check.js:2557:15
 ❯ evidence/stage2-rerun-345a82d/harness/agent-api-fuzz.harness.ts:622:5

⎯⎯⎯⎯⎯⎯⎯⎯⎯⎯⎯⎯⎯⎯⎯⎯⎯⎯⎯⎯⎯⎯⎯⎯[4/6]⎯

 FAIL  evidence/stage2-rerun-345a82d/harness/agent-api-fuzz.harness.ts > F: file-system faults, the same on every commit > M-03 (bound-verify): the disk refusing to remove the record after the swap confirmed is never "not sent"
Error: Property failed after 1 tests
{ seed: 20260924, path: "0:0", endOnFailure: true }
Counterexample: [false]
Shrunk 1 time(s)

Encountered failures were:
- [true]
- [false]
 ❯ buildError node_modules/fast-check/lib/fast-check.js:2469:16
 ❯ asyncThrowIfFailed node_modules/fast-check/lib/fast-check.js:2481:8

Caused by: AssertionError: {"code":1,"output":{"ok":false,"sent":false,"error":"ENOSPC: no space left on device"}}: expected false not to be false // Object.is equality
 ❯ evidence/stage2-rerun-345a82d/harness/agent-api-fuzz.harness.ts:757:43
 ❯ AsyncProperty.run node_modules/fast-check/lib/fast-check.js:1217:19
 ❯ asyncPropertyExecution node_modules/fast-check/lib/fast-check.js:2564:14
 ❯ asyncRunIt node_modules/fast-check/lib/fast-check.js:2557:15
 ❯ evidence/stage2-rerun-345a82d/harness/agent-api-fuzz.harness.ts:743:5

⎯⎯⎯⎯⎯⎯⎯⎯⎯⎯⎯⎯⎯⎯⎯⎯⎯⎯⎯⎯⎯⎯⎯⎯[5/6]⎯

 FAIL  evidence/stage2-rerun-345a82d/harness/agent-api-fuzz.harness.ts > F: file-system faults, the same on every commit > E5 (bound-verify): prepare and recover answer with a result, not an exception, when the state directory cannot be read
AssertionError: prepare: threw: ENOSPC: no space left on device: expected 'string' to be 'object' // Object.is equality

Expected: "object"
Received: "string"

 ❯ evidence/stage2-rerun-345a82d/harness/agent-api-fuzz.harness.ts:772:52
    770|         .then(x => x, (e: Error) => `threw: ${e.message}`)
    771|         .finally(() => { fsFaults.readdir = false; });
    772|       expect(typeof r, `${command}: ${String(r)}`).toBe('object');
       |                                                    ^
    773|       expect(a.sent).toHaveLength(0);
    774|     }

⎯⎯⎯⎯⎯⎯⎯⎯⎯⎯⎯⎯⎯⎯⎯⎯⎯⎯⎯⎯⎯⎯⎯⎯[6/6]⎯


 Test Files  1 failed (1)
      Tests  6 failed | 8 passed (14)
   Start at  22:58:21
   Duration  68.96s (transform 629ms, setup 55ms, import 750ms, tests 68.00s, environment 0ms)

exit=1
